// Jest Snapshot v1, https://goo.gl/fbAQLP

exports[`FormActionButtonList lists button to display from enrollment acl 1`] = `
Array [
  "notify",
  "destroy",
  "update",
  "submit",
  "refuse",
]
`;
